// swiftlint:disable file_length
// swiftlint:disable line_length

fileprivate func combineHashes(_ hashes: [Int]) -> Int {
    return hashes.reduce(0, combineHashValues)
}

fileprivate func combineHashValues(_ initial: Int, _ other: Int) -> Int {
    #if arch(x86_64) || arch(arm64)
        let magic: UInt = 0x9e3779b97f4a7c15
    #elseif arch(i386) || arch(arm)
        let magic: UInt = 0x9e3779b9
    #endif
    var lhs = UInt(bitPattern: initial)
    let rhs = UInt(bitPattern: other)
    lhs ^= rhs &+ magic &+ (lhs << 6) &+ (lhs >> 2)
    return Int(bitPattern: lhs)
}


// MARK: - AutoHashable for classes, protocols, structs
// MARK: - AutoHashableClass AutoHashable
extension AutoHashableClass: Hashable {
    internal var hashValue: Int {
        return combineHashes([firstName.hashValue, lastName.hashValue, parents.hashValue, moneyInThePocket.hashValue, age?.hashValue ?? 0, friends?.hashValue ?? 0, 0])
    }
}
// MARK: - AutoHashableClassInherited AutoHashable
extension AutoHashableClassInherited: Hashable {
    THIS WONT COMPILE, WE DONT SUPPORT INHERITANCE for AutoHashable
    internal var hashValue: Int {
        return combineHashes([middleName?.hashValue ?? 0, 0])
    }
}
// MARK: - AutoHashableProtocol AutoHashable
extension AutoHashableProtocol {
    internal var hashValue: Int {
        return combineHashes([width.hashValue, height.hashValue, name.hashValue, 0])
    }
}
// MARK: - AutoHashableStruct AutoHashable
extension AutoHashableStruct: Hashable {
    internal var hashValue: Int {
        return combineHashes([firstName.hashValue, lastName.hashValue, parents.hashValue, moneyInThePocket.hashValue, age?.hashValue ?? 0, friends?.hashValue ?? 0, 0])
    }
}

// MARK: - AutoHashable for Enums

// MARK: - AutoHashableEnum AutoHashable
extension AutoHashableEnum: Hashable {
    internal var hashValue: Int {
        switch self {
        case .one:
            return 1.hashValue
        case .two(let data):
            return combineHashes([2, data.first.hashValue, data.second.hashValue])
        case .three(let data):
            return combineHashes([3, data.hashValue])
        }
    }
}

// MARK: - AutoHashableEnumWithOneCase AutoHashable
extension AutoHashableEnumWithOneCase: Hashable {
    internal var hashValue: Int {
        switch self {
        case .one:
            return 1.hashValue
        }
    }
}
